// Jest Snapshot v1, https://goo.gl/fbAQLP

exports[`Item Component snapshot Item snapshot 1`] = `
<DocumentFragment>
  <li
    class="sc-AxjAm fkjhPm"
  >
    <div
      class="sc-AxirZ iRYSiM"
    >
      527
    </div>
    <div
      class="sc-AxirZ sc-AxiKw ekUlTF"
      points="1747"
    >
      1747
    </div>
    <div
      class="sc-AxirZ iRYSiM"
    >
      <button
        aria-label="up vote"
        class="sc-fzoLsD hYEUtg"
      >
        <img
          alt="up vote"
          src="/icons/triangle.svg"
        />
      </button>
    </div>
    <div
      class="sc-AxhCb ocJqW"
    >
      <div
        class="sc-AxhUy eahkvq"
      >
        <a
          href="https://www.inderapotheke.de/blog/farewell-google-maps"
        >
          Farewell, Google Maps
        </a>
      </div>
      <div
        class="sc-AxmLO hEBUuY"
      >
        <div
          class="sc-AxgMl kktBcw"
        >
          <span
            class="sc-AxheI iUKdMy"
          >
            (
            <a
              href="https://www.inderapotheke.de/blog/farewell-google-maps"
            >
              www.inderapotheke.de
            </a>
            )
          </span>
        </div>
        <div
          class="sc-AxgMl kktBcw"
        >
          <span
            class="sc-Axmtr dZwUvE"
          >
            by 
          </span>
          <label>
            ScottWRobinson
          </label>
        </div>
        <div
          class="sc-AxgMl kktBcw"
        >
          <label>
            2 years ago
          </label>
        </div>
      </div>
      <div
        class="sc-AxgMl kktBcw"
      >
        <span
          class="sc-AxheI iUKdMy"
        >
          [ 
          <button
            class="sc-fzozJi sldbA"
          >
            Hide
          </button>
           ]
        </span>
      </div>
    </div>
  </li>
</DocumentFragment>
`;
